// Jest Snapshot v1, https://goo.gl/fbAQLP

exports[`Back button component matches snapshot 1`] = `
<a
  href="/"
  onClick={[Function]}
>
  <div
    className="back-button"
    data-testid="back-button"
    onClick={[Function]}
  />
</a>
`;
