// Jest Snapshot v1, https://goo.gl/fbAQLP

exports[`Movie item component matches snapshot 1`] = `
<div
  className="movie-item"
  data-testid="movie-item"
  onClick={[Function]}
>
  <img
    alt="movie"
  />
  <div
    className="movie-item-title"
  />
</div>
`;
